[    1018ms] [WARNING] react-i18next:: It seems you are still using the old wait option, you may migrate to the new useSuspense behaviour. @ https://s2.coinmarketcap.com/v1/cmc/_next/static/chunks/pages/_app-fc5e585680c99b79.js:20
[    1018ms] [WARNING] react-i18next:: i18n.languages were undefined or empty undefined @ https://s2.coinmarketcap.com/v1/cmc/_next/static/chunks/pages/_app-fc5e585680c99b79.js:20
[    1377ms] [LOG] [Modal Debug] Modal render - isOpen: false modalId: :r37: @ https://s2.coinmarketcap.com/v1/cmc/_next/static/chunks/pages/_app-fc5e585680c99b79.js:20
[    1385ms] [LOG] [Modal Debug] useEffect - isOpen changed to: false @ https://s2.coinmarketcap.com/v1/cmc/_next/static/chunks/pages/_app-fc5e585680c99b79.js:20
[    1389ms] [ERROR] Failed to load resource: the server responded with a status of 403 () @ https://s3.coinmarketcap.com/whitepaper/summaries/uerc-formerly-binova/en.json:0
[    1400ms] [LOG] [Modal Debug] Modal render - isOpen: false modalId: :r37: @ https://s2.coinmarketcap.com/v1/cmc/_next/static/chunks/pages/_app-fc5e585680c99b79.js:20
[    1401ms] [LOG] [Modal Debug] Stack render function called - isOpen: false newIndex: 1004 @ https://s2.coinmarketcap.com/v1/cmc/_next/static/chunks/pages/_app-fc5e585680c99b79.js:20
[    1422ms] [LOG] [Modal Debug] Modal render - isOpen: false modalId: :r37: @ https://s2.coinmarketcap.com/v1/cmc/_next/static/chunks/pages/_app-fc5e585680c99b79.js:20
[    1422ms] [LOG] [Modal Debug] Stack render function called - isOpen: false newIndex: 1004 @ https://s2.coinmarketcap.com/v1/cmc/_next/static/chunks/pages/_app-fc5e585680c99b79.js:20
[    1457ms] [LOG] [Modal Debug] Modal render - isOpen: false modalId: :r37: @ https://s2.coinmarketcap.com/v1/cmc/_next/static/chunks/pages/_app-fc5e585680c99b79.js:20
[    1457ms] [LOG] [Modal Debug] Stack render function called - isOpen: false newIndex: 1004 @ https://s2.coinmarketcap.com/v1/cmc/_next/static/chunks/pages/_app-fc5e585680c99b79.js:20
[    1657ms] [WARNING] Highcharts warning: Consider including the "accessibility.js" module to make your chart more usable for people with disabilities. Set the "accessibility.enabled" option to false to remove this warning. See https://www.highcharts.com/docs/accessibility/accessibility-module. @ https://s2.coinmarketcap.com/v1/cmc/_next/static/chunks/pages/_app-fc5e585680c99b79.js:20
[    1887ms] [LOG] [Modal Debug] Modal render - isOpen: false modalId: :r37: @ https://s2.coinmarketcap.com/v1/cmc/_next/static/chunks/pages/_app-fc5e585680c99b79.js:20
[    1887ms] [LOG] [Modal Debug] Stack render function called - isOpen: false newIndex: 1004 @ https://s2.coinmarketcap.com/v1/cmc/_next/static/chunks/pages/_app-fc5e585680c99b79.js:20
[    1899ms] [LOG] [Modal Debug] Modal render - isOpen: false modalId: :r37: @ https://s2.coinmarketcap.com/v1/cmc/_next/static/chunks/pages/_app-fc5e585680c99b79.js:20
[    1899ms] [LOG] [Modal Debug] Stack render function called - isOpen: false newIndex: 1004 @ https://s2.coinmarketcap.com/v1/cmc/_next/static/chunks/pages/_app-fc5e585680c99b79.js:20
[    1932ms] [LOG] [Modal Debug] Modal render - isOpen: false modalId: :r37: @ https://s2.coinmarketcap.com/v1/cmc/_next/static/chunks/pages/_app-fc5e585680c99b79.js:20
[    1932ms] [LOG] [Modal Debug] Stack render function called - isOpen: false newIndex: 1004 @ https://s2.coinmarketcap.com/v1/cmc/_next/static/chunks/pages/_app-fc5e585680c99b79.js:20
[    1998ms] [WARNING] Failed to aggregate annotations:  TypeError: Cannot destructure property 'pastAnnotationsConfig' of 't' as it is undefined.
    at eT (https://s2.coinmarketcap.com/v1/cmc/_next/static/chunks/57836.80ad06a4ebfd04dc.js:1:7281)
    at https://s2.coinmarketcap.com/v1/cmc/_next/static/chunks/57836.80ad06a4ebfd04dc.js:1:8690
    at Array.map (<anonymous>)
    at eN (https://s2.coinmarketcap.com/v1/cmc/_next/static/chunks/57836.80ad06a4ebfd04dc.js:1:8573)
    at https://s2.coinmarketcap.com/v1/cmc/_next/static/chunks/57836.80ad06a4ebfd04dc.js:1:17005
    at oB (https://s2.coinmarketcap.com/v1/cmc/_next/static/chunks/framework-459e978afbe50f14.js:1:153389)
    at uU (https://s2.coinmarketcap.com/v1/cmc/_next/static/chunks/framework-459e978afbe50f14.js:1:182435)
    at uT (https://s2.coinmarketcap.com/v1/cmc/_next/static/chunks/framework-459e978afbe50f14.js:1:165254)
    at r6 (https://s2.coinmarketcap.com/v1/cmc/_next/static/chunks/framework-459e978afbe50f14.js:1:114094)
    at https://s2.coinmarketcap.com/v1/cmc/_next/static/chunks/framework-459e978afbe50f14.js:1:180881
    at uB (https://s2.coinmarketcap.com/v1/cmc/_next/static/chunks/framework-459e978afbe50f14.js:1:180887)
    at ux (https://s2.coinmarketcap.com/v1/cmc/_next/static/chunks/framework-459e978afbe50f14.js:1:164257)
    at x (https://s2.coinmarketcap.com/v1/cmc/_next/static/chunks/framework-459e978afbe50f14.js:1:207064)
    at MessagePort.R (https://s2.coinmarketcap.com/v1/cmc/_next/static/chunks/framework-459e978afbe50f14.js:1:207594) @ https://s2.coinmarketcap.com/v1/cmc/_next/static/chunks/pages/_app-fc5e585680c99b79.js:20
[    2006ms] [WARNING] Highcharts warning #33: www.highcharts.com/errors/33/?Invalid%20attribute%20in%20config=loading
 - Invalid attribute in config: loading @ https://s2.coinmarketcap.com/v1/cmc/_next/static/chunks/pages/_app-fc5e585680c99b79.js:20
[    2006ms] [WARNING] Highcharts warning #33: www.highcharts.com/errors/33/?Invalid%20attribute%20in%20config=decode
 - Invalid attribute in config: decode @ https://s2.coinmarketcap.com/v1/cmc/_next/static/chunks/pages/_app-fc5e585680c99b79.js:20
[    2006ms] [WARNING] Highcharts warning #33: www.highcharts.com/errors/33/?Invalid%20attribute%20in%20config=priority
 - Invalid attribute in config: priority @ https://s2.coinmarketcap.com/v1/cmc/_next/static/chunks/pages/_app-fc5e585680c99b79.js:20
[    2300ms] [INFO] Loading the script 'https://c.amazon-adsystem.com/aat/amzn-consent.js' violates the following Content Security Policy directive: "script-src 'self' 'unsafe-inline' 'unsafe-eval' blob: https://*.coinmarketcap.com https://cdn.adx.ws https://www.gstatic.com https://cdn.cookielaw.org https://cdn4.buysellads.net https://btloader.com https://script.4dex.io https://www.google.com https://*.googlesyndication.com https://securepubads.g.doubleclick.net https://googleads.g.doubleclick.net https://ep2.adtrafficquality.google https://www.youtube.com https://s3.tradingview.com https://organizer.bizzabo.com https://telegram.org https://staticrecap.cgicgi.io https://3f0fb9bcf568.edge.sdk.awswaf.com https://unpkg.com/vconsole/dist/vconsole.min.js https://browser.sentry-cdn.com https://ajax.googleapis.com/ajax/libs/jquery/ https://www.recaptcha.net/recaptcha/ https://checkout.stripe.com https://static.doubleclick.net". Note that 'script-src-elem' was not explicitly set, so 'script-src' is used as a fallback. The policy is report-only, so the violation has been logged but no further action has been taken. @ https://cdn.cookielaw.org/scripttemplates/202601.2.0/otBannerSdk.js:6
[    2598ms] [ERROR] Failed to load resource: the server responded with a status of 400 () @ https://content-api.coinmarketcap.com/pbs/cookie_sync:0
[    2758ms] [WARNING] An iframe which has both allow-scripts and allow-same-origin for its sandbox attribute can escape its sandboxing. @ https://s2.coinmarketcap.com/v1/cmc/_next/static/chunks/61869.cbeffaa310ac1dbf.js:0
[    3366ms] [ERROR] Permissions policy violation: unload is not allowed in this document. @ https://cdn.coinzilla.io/html_customers/a3d608aa8a1268212618fbb7d05accb3/index.html:193
[    5953ms] [ERROR] Failed to load resource: the server responded with a status of 403 () @ https://c1.adform.net/cookie?gdpr=1&gdpr_consent=&us_privacy=&gpp=&gpp_sid=&redirect_url=https%3A%2F%2Freq.adx.ws%2Fsuid%3Fbidder%3DAdForm%26gdpr%3D1%26rid%3D2cd85161-456a-4480-9851-61456ad48027%26idu%3Dff18fca65488adc03ee031cf9a362ac81aca5e4172e6508a319dae69981553fa%26i%3DNroTvKn6sBjr_vqwygK6CjAtL-yaIpiAIiLJsa_CGtU%26uid%3D%24UID:0
[    9337ms] [WARNING] The resource https://s2.coinmarketcap.com/v1/cmc/_next/static/chunks/sentry-module.701377d6f5c71710.js was preloaded using link preload but not used within a few seconds from the window's load event. Please make sure it has an appropriate `as` value and it is preloaded intentionally. @ https://coinmarketcap.com/currencies/uerc-formerly-binova/:0
[   14649ms] [WARNING] The resource https://s2.coinmarketcap.com/v1/cmc/_next/static/chunks/sentry-module.701377d6f5c71710.js was preloaded using link preload but not used within a few seconds from the window's load event. Please make sure it has an appropriate `as` value and it is preloaded intentionally. @ https://coinmarketcap.com/currencies/uerc-formerly-binova/:0
[   35040ms] [WARNING] The resource https://s2.coinmarketcap.com/v1/cmc/_next/static/chunks/sentry-module.701377d6f5c71710.js was preloaded using link preload but not used within a few seconds from the window's load event. Please make sure it has an appropriate `as` value and it is preloaded intentionally. @ https://coinmarketcap.com/currencies/uerc-formerly-binova/:0
[   49824ms] [WARNING] The resource https://s2.coinmarketcap.com/v1/cmc/_next/static/chunks/sentry-module.701377d6f5c71710.js was preloaded using link preload but not used within a few seconds from the window's load event. Please make sure it has an appropriate `as` value and it is preloaded intentionally. @ https://coinmarketcap.com/currencies/uerc-formerly-binova/:0
[   65047ms] [WARNING] The resource https://s2.coinmarketcap.com/v1/cmc/_next/static/chunks/sentry-module.701377d6f5c71710.js was preloaded using link preload but not used within a few seconds from the window's load event. Please make sure it has an appropriate `as` value and it is preloaded intentionally. @ https://coinmarketcap.com/currencies/uerc-formerly-binova/:0
